ƒêe thoat \q or exit() or logout 
sudo apt-get update

sudo apt-get install postgresql postgresql-contrib

service postgresql

service postgresql status

(iteslateq-platform) root@iteslateq:/app# sudo su postgres

postgres@iteslateq:~$ psql

postgres=# ALTER USER postgres WITH PASSWORD 'teslateq';
ALTER ROLE

postgres=# CREATE USER teslateq WITH PASSWORD 'teslateq';
CREATE ROLE

postgres=# ALTER USER teslateq WITH SUPERUSER ;

postgres=# \du

postgres=# \l

postgres@ubuntu:~$ createdb --owner db_user django_db
postgres@ubuntu:~$ logout

postgres-# ^Z
[1]+  Stopped                 psql
postgres@iteslateq:~$ loguot
bash: loguot: command not found
postgres@iteslateq:~$ logout
bash: logout: not login shell: use `exit'
postgres@iteslateq:~$ exit
exit
(iteslateq-platform) root@iteslateq:/app/iteslateq-platform# 
